../Core/Src/main.c:109:5:main	8	static
../Core/Src/main.c:179:6:SystemClock_Config	120	static
../Core/Src/main.c:242:13:MX_ETH_Init	8	static
../Core/Src/main.c:291:13:MX_TIM2_Init	40	static
../Core/Src/main.c:339:13:MX_USART3_UART_Init	8	static
../Core/Src/main.c:387:13:MX_USB_OTG_FS_PCD_Init	8	static
../Core/Src/main.c:421:13:MX_DMA_Init	16	static
../Core/Src/main.c:439:13:MX_GPIO_Init	56	static
../Core/Src/main.c:501:6:HAL_TIM_IC_CaptureCallback	16	static
../Core/Src/main.c:521:6:Error_Handler	4	static,ignoring_inline_asm
