../Core/Src/main.c:113:5:main	8	static
../Core/Src/main.c:185:6:SystemClock_Config	120	static
../Core/Src/main.c:248:13:MX_ETH_Init	8	static
../Core/Src/main.c:297:13:MX_TIM2_Init	40	static
../Core/Src/main.c:345:13:MX_TIM5_Init	48	static
../Core/Src/main.c:394:13:MX_USART3_UART_Init	8	static
../Core/Src/main.c:442:13:MX_USB_OTG_FS_PCD_Init	8	static
../Core/Src/main.c:476:13:MX_DMA_Init	16	static
../Core/Src/main.c:494:13:MX_GPIO_Init	56	static
../Core/Src/main.c:574:13:TransferComplete	16	static
../Core/Src/main.c:609:6:HAL_GPIO_EXTI_Callback	16	static
../Core/Src/main.c:631:6:Error_Handler	4	static,ignoring_inline_asm
